../Drivers/STM32C0xx_HAL_Driver/Src/stm32c0xx_hal_pwr_ex.c:163:6:HAL_PWREx_EnableInternalWakeUpLine	8	static
../Drivers/STM32C0xx_HAL_Driver/Src/stm32c0xx_hal_pwr_ex.c:173:6:HAL_PWREx_DisableInternalWakeUpLine	8	static
../Drivers/STM32C0xx_HAL_Driver/Src/stm32c0xx_hal_pwr_ex.c:198:19:HAL_PWREx_EnableGPIOPullUp	24	static
../Drivers/STM32C0xx_HAL_Driver/Src/stm32c0xx_hal_pwr_ex.c:254:19:HAL_PWREx_DisableGPIOPullUp	24	static
../Drivers/STM32C0xx_HAL_Driver/Src/stm32c0xx_hal_pwr_ex.c:311:19:HAL_PWREx_EnableGPIOPullDown	24	static
../Drivers/STM32C0xx_HAL_Driver/Src/stm32c0xx_hal_pwr_ex.c:367:19:HAL_PWREx_DisableGPIOPullDown	24	static
../Drivers/STM32C0xx_HAL_Driver/Src/stm32c0xx_hal_pwr_ex.c:415:6:HAL_PWREx_EnablePullUpPullDownConfig	8	static
../Drivers/STM32C0xx_HAL_Driver/Src/stm32c0xx_hal_pwr_ex.c:426:6:HAL_PWREx_DisablePullUpPullDownConfig	8	static
../Drivers/STM32C0xx_HAL_Driver/Src/stm32c0xx_hal_pwr_ex.c:440:6:HAL_PWREx_EnableFlashPowerDown	16	static
../Drivers/STM32C0xx_HAL_Driver/Src/stm32c0xx_hal_pwr_ex.c:456:6:HAL_PWREx_DisableFlashPowerDown	16	static
../Drivers/STM32C0xx_HAL_Driver/Src/stm32c0xx_hal_pwr_ex.c:481:6:HAL_PWREx_EnterSHUTDOWNMode	8	static,ignoring_inline_asm
../Drivers/STM32C0xx_HAL_Driver/Src/stm32c0xx_hal_pwr_ex.c:525:6:HAL_PWREx_BKUPWrite	24	static
../Drivers/STM32C0xx_HAL_Driver/Src/stm32c0xx_hal_pwr_ex.c:546:10:HAL_PWREx_BKUPRead	24	static
