../Drivers/STM32C0xx_HAL_Driver/Inc/stm32c0xx_ll_adc.h:2078:22:LL_ADC_SetCommonPathInternalCh	16	static
../Drivers/STM32C0xx_HAL_Driver/Inc/stm32c0xx_ll_adc.h:2167:26:LL_ADC_GetCommonPathInternalCh	16	static
../Drivers/STM32C0xx_HAL_Driver/Inc/stm32c0xx_ll_adc.h:2537:22:LL_ADC_SetSamplingTimeCommonChannels	24	static
../Drivers/STM32C0xx_HAL_Driver/Inc/stm32c0xx_ll_adc.h:2570:26:LL_ADC_GetSamplingTimeCommonChannels	16	static
../Drivers/STM32C0xx_HAL_Driver/Inc/stm32c0xx_ll_adc.h:2672:26:LL_ADC_REG_IsTriggerSourceSWStart	16	static
../Drivers/STM32C0xx_HAL_Driver/Inc/stm32c0xx_ll_adc.h:3088:22:LL_ADC_REG_SetSequencerRanks	24	static
../Drivers/STM32C0xx_HAL_Driver/Inc/stm32c0xx_ll_adc.h:3379:22:LL_ADC_REG_SetSequencerChAdd	16	static
../Drivers/STM32C0xx_HAL_Driver/Inc/stm32c0xx_ll_adc.h:3480:22:LL_ADC_REG_SetSequencerChRem	16	static
../Drivers/STM32C0xx_HAL_Driver/Inc/stm32c0xx_ll_adc.h:3705:26:LL_ADC_REG_GetDMATransfer	16	static
../Drivers/STM32C0xx_HAL_Driver/Inc/stm32c0xx_ll_adc.h:3840:22:LL_ADC_SetChannelSamplingTime	24	static
../Drivers/STM32C0xx_HAL_Driver/Inc/stm32c0xx_ll_adc.h:4004:22:LL_ADC_SetAnalogWDMonitChannels	32	static
../Drivers/STM32C0xx_HAL_Driver/Inc/stm32c0xx_ll_adc.h:4231:22:LL_ADC_ConfigAnalogWDThresholds	32	static
../Drivers/STM32C0xx_HAL_Driver/Inc/stm32c0xx_ll_adc.h:4566:22:LL_ADC_EnableInternalRegulator	16	static
../Drivers/STM32C0xx_HAL_Driver/Inc/stm32c0xx_ll_adc.h:4585:22:LL_ADC_DisableInternalRegulator	16	static
../Drivers/STM32C0xx_HAL_Driver/Inc/stm32c0xx_ll_adc.h:4596:26:LL_ADC_IsInternalRegulatorEnabled	16	static
../Drivers/STM32C0xx_HAL_Driver/Inc/stm32c0xx_ll_adc.h:4617:22:LL_ADC_Enable	16	static
../Drivers/STM32C0xx_HAL_Driver/Inc/stm32c0xx_ll_adc.h:4637:22:LL_ADC_Disable	16	static
../Drivers/STM32C0xx_HAL_Driver/Inc/stm32c0xx_ll_adc.h:4656:26:LL_ADC_IsEnabled	16	static
../Drivers/STM32C0xx_HAL_Driver/Inc/stm32c0xx_ll_adc.h:4667:26:LL_ADC_IsDisableOngoing	16	static
../Drivers/STM32C0xx_HAL_Driver/Inc/stm32c0xx_ll_adc.h:4747:22:LL_ADC_REG_StartConversion	16	static
../Drivers/STM32C0xx_HAL_Driver/Inc/stm32c0xx_ll_adc.h:4767:22:LL_ADC_REG_StopConversion	16	static
../Drivers/STM32C0xx_HAL_Driver/Inc/stm32c0xx_ll_adc.h:4783:26:LL_ADC_REG_IsConversionOngoing	16	static
../Drivers/STM32C0xx_HAL_Driver/Inc/stm32c0xx_ll_adc.h:5085:22:LL_ADC_ClearFlag_AWD1	16	static
../Drivers/STM32C0xx_HAL_Driver/Inc/stm32c0xx_ll_adc.h:5096:22:LL_ADC_ClearFlag_AWD2	16	static
../Drivers/STM32C0xx_HAL_Driver/Inc/stm32c0xx_ll_adc.h:5107:22:LL_ADC_ClearFlag_AWD3	16	static
../Drivers/STM32C0xx_HAL_Driver/Inc/stm32c0xx_ll_adc.h:5203:22:LL_ADC_EnableIT_AWD1	16	static
../Drivers/STM32C0xx_HAL_Driver/Inc/stm32c0xx_ll_adc.h:5214:22:LL_ADC_EnableIT_AWD2	16	static
../Drivers/STM32C0xx_HAL_Driver/Inc/stm32c0xx_ll_adc.h:5225:22:LL_ADC_EnableIT_AWD3	16	static
../Drivers/STM32C0xx_HAL_Driver/Inc/stm32c0xx_ll_adc.h:5312:22:LL_ADC_DisableIT_AWD1	16	static
../Drivers/STM32C0xx_HAL_Driver/Inc/stm32c0xx_ll_adc.h:5323:22:LL_ADC_DisableIT_AWD2	16	static
../Drivers/STM32C0xx_HAL_Driver/Inc/stm32c0xx_ll_adc.h:5334:22:LL_ADC_DisableIT_AWD3	16	static
../Drivers/STM32C0xx_HAL_Driver/Src/stm32c0xx_hal_adc.c:387:19:HAL_ADC_Init	40	static
../Drivers/STM32C0xx_HAL_Driver/Src/stm32c0xx_hal_adc.c:742:19:HAL_ADC_DeInit	32	static
../Drivers/STM32C0xx_HAL_Driver/Src/stm32c0xx_hal_adc.c:874:13:HAL_ADC_MspInit	16	static
../Drivers/STM32C0xx_HAL_Driver/Src/stm32c0xx_hal_adc.c:891:13:HAL_ADC_MspDeInit	16	static
../Drivers/STM32C0xx_HAL_Driver/Src/stm32c0xx_hal_adc.c:1158:19:HAL_ADC_Start	32	static
../Drivers/STM32C0xx_HAL_Driver/Src/stm32c0xx_hal_adc.c:1228:19:HAL_ADC_Stop	32	static
../Drivers/STM32C0xx_HAL_Driver/Src/stm32c0xx_hal_adc.c:1282:19:HAL_ADC_PollForConversion	24	static
../Drivers/STM32C0xx_HAL_Driver/Src/stm32c0xx_hal_adc.c:1412:19:HAL_ADC_PollForEvent	32	static
../Drivers/STM32C0xx_HAL_Driver/Src/stm32c0xx_hal_adc.c:1539:19:HAL_ADC_Start_IT	32	static
../Drivers/STM32C0xx_HAL_Driver/Src/stm32c0xx_hal_adc.c:1633:19:HAL_ADC_Stop_IT	32	static
../Drivers/STM32C0xx_HAL_Driver/Src/stm32c0xx_hal_adc.c:1683:19:HAL_ADC_Start_DMA	40	static
../Drivers/STM32C0xx_HAL_Driver/Src/stm32c0xx_hal_adc.c:1781:19:HAL_ADC_Stop_DMA	32	static
../Drivers/STM32C0xx_HAL_Driver/Src/stm32c0xx_hal_adc.c:1865:10:HAL_ADC_GetValue	16	static
../Drivers/STM32C0xx_HAL_Driver/Src/stm32c0xx_hal_adc.c:1882:6:HAL_ADC_IRQHandler	32	static
../Drivers/STM32C0xx_HAL_Driver/Src/stm32c0xx_hal_adc.c:2130:13:HAL_ADC_ConvCpltCallback	16	static
../Drivers/STM32C0xx_HAL_Driver/Src/stm32c0xx_hal_adc.c:2145:13:HAL_ADC_ConvHalfCpltCallback	16	static
../Drivers/STM32C0xx_HAL_Driver/Src/stm32c0xx_hal_adc.c:2160:13:HAL_ADC_LevelOutOfWindowCallback	16	static
../Drivers/STM32C0xx_HAL_Driver/Src/stm32c0xx_hal_adc.c:2182:13:HAL_ADC_ErrorCallback	16	static
../Drivers/STM32C0xx_HAL_Driver/Src/stm32c0xx_hal_adc.c:2197:13:HAL_ADC_CalibrationCpltCallback	16	static
../Drivers/STM32C0xx_HAL_Driver/Src/stm32c0xx_hal_adc.c:2212:13:HAL_ADC_ADCReadyCallback	16	static
../Drivers/STM32C0xx_HAL_Driver/Src/stm32c0xx_hal_adc.c:2258:19:HAL_ADC_ConfigChannel	32	static
../Drivers/STM32C0xx_HAL_Driver/Src/stm32c0xx_hal_adc.c:2458:19:HAL_ADC_AnalogWDGConfig	40	static
../Drivers/STM32C0xx_HAL_Driver/Src/stm32c0xx_hal_adc.c:2701:10:HAL_ADC_GetState	16	static
../Drivers/STM32C0xx_HAL_Driver/Src/stm32c0xx_hal_adc.c:2715:10:HAL_ADC_GetError	16	static
../Drivers/STM32C0xx_HAL_Driver/Src/stm32c0xx_hal_adc.c:2742:19:ADC_ConversionStop	24	static
../Drivers/STM32C0xx_HAL_Driver/Src/stm32c0xx_hal_adc.c:2792:19:ADC_Enable	24	static
../Drivers/STM32C0xx_HAL_Driver/Src/stm32c0xx_hal_adc.c:2881:19:ADC_Disable	24	static
../Drivers/STM32C0xx_HAL_Driver/Src/stm32c0xx_hal_adc.c:2939:13:ADC_DMAConvCplt	24	static
../Drivers/STM32C0xx_HAL_Driver/Src/stm32c0xx_hal_adc.c:3017:13:ADC_DMAHalfConvCplt	24	static
../Drivers/STM32C0xx_HAL_Driver/Src/stm32c0xx_hal_adc.c:3035:13:ADC_DMAError	24	static
